2026-06-04T22:08:20Z INF Thank you for trying Cloudflare Tunnel. Doing so, without a Cloudflare account, is a quick way to experiment and try it out. However, be aware that these account-less Tunnels have no uptime guarantee, are subject to the Cloudflare Online Services Terms of Use (https://www.cloudflare.com/website-terms/), and Cloudflare reserves the right to investigate your use of Tunnels for violations of such terms. If you intend to use Tunnels in production you should use a pre-created named tunnel by following: https://developers.cloudflare.com/cloudflare-one/connections/connect-apps
2026-06-04T22:08:20Z INF Requesting new quick Tunnel on trycloudflare.com...
2026-06-04T22:08:25Z INF +--------------------------------------------------------------------------------------------+
2026-06-04T22:08:25Z INF |  Your quick Tunnel has been created! Visit it at (it may take some time to be reachable):  |
2026-06-04T22:08:25Z INF |  https://newer-completion-plates-buf.trycloudflare.com                                     |
2026-06-04T22:08:25Z INF +--------------------------------------------------------------------------------------------+
2026-06-04T22:08:25Z INF Cannot determine default configuration path. No file [config.yml config.yaml] in [~/.cloudflared ~/.cloudflare-warp ~/cloudflare-warp]
2026-06-04T22:08:25Z INF Version 2026.5.2 (Checksum 20b9638f685333d623798e733effbad2487093f15ba592f6c7752360ff3b7ab7)
2026-06-04T22:08:25Z INF GOOS: windows, GOVersion: go1.26.3, GoArch: amd64
2026-06-04T22:08:25Z INF Settings: map[ha-connections:1 protocol:quic url:http://localhost:3000]
2026-06-04T22:08:25Z INF cloudflared will not automatically update on Windows systems.
2026-06-04T22:08:25Z INF Generated Connector ID: e050082e-5961-48f8-aa92-0c6fe08463eb
2026-06-04T22:08:25Z INF Initial protocol quic
2026-06-04T22:08:25Z INF ICMP proxy will use 192.168.1.3 as source for IPv4
2026-06-04T22:08:25Z INF ICMP proxy will use fdd8:2918:4310:c200:78b2:b4f4:716c:3d43 in zone Wi-Fi as source for IPv6
2026-06-04T22:08:25Z INF cloudflared does not support loading the system root certificate pool on Windows. Please use --origin-ca-pool <PATH> to specify the path to the certificate pool
2026-06-04T22:08:25Z INF ICMP proxy will use 192.168.1.3 as source for IPv4
2026-06-04T22:08:25Z INF Tunnel connection curve preferences: [X25519MLKEM768 CurveID(65074) CurveP256] connIndex=0 event=0 ip=198.41.200.73
2026-06-04T22:08:25Z INF ICMP proxy will use fdd8:2918:4310:c200:78b2:b4f4:716c:3d43 in zone Wi-Fi as source for IPv6
2026-06-04T22:08:25Z INF Starting metrics server on 127.0.0.1:20241/metrics
2026-06-04T22:08:25Z INF Registered tunnel connection connIndex=0 connection=b5eabfba-5ac8-41a9-a1ef-4243afc6032c event=0 ip=198.41.200.73 location=mrs06 protocol=quic
2026-06-04T22:08:31Z INF +-------------------------------------------------------------------------------------+
2026-06-04T22:08:31Z INF |                               CONNECTIVITY PRE-CHECKS                               |
2026-06-04T22:08:31Z INF +-------------------------------------------------------------------------------------+
2026-06-04T22:08:31Z INF |  COMPONENT         TARGET                     STATUS  DETAILS                       |
2026-06-04T22:08:31Z INF |  DNS Resolution    region1.v2.argotunnel.com  PASS    DNS Resolved successfully     |
2026-06-04T22:08:31Z INF |  DNS Resolution    region2.v2.argotunnel.com  PASS    DNS Resolved successfully     |
2026-06-04T22:08:31Z INF |  UDP Connectivity  region1.v2.argotunnel.com  PASS    QUIC connection successful    |
2026-06-04T22:08:31Z INF |  UDP Connectivity  region2.v2.argotunnel.com  PASS    QUIC connection successful    |
2026-06-04T22:08:31Z INF |  TCP Connectivity  region1.v2.argotunnel.com  PASS    HTTP/2 connection successful  |
2026-06-04T22:08:31Z INF |  TCP Connectivity  region2.v2.argotunnel.com  PASS    HTTP/2 connection successful  |
2026-06-04T22:08:31Z INF |  Cloudflare API    api.cloudflare.com:443     PASS    API is reachable              |
2026-06-04T22:08:31Z INF |                                                                                     |
2026-06-04T22:08:31Z INF |  SUMMARY: Environment is healthy. cloudflared will use 'quic' as primary protocol.  |
2026-06-04T22:08:31Z INF +-------------------------------------------------------------------------------------+
2026-06-04T22:08:31Z INF precheck component="DNS Resolution" details="DNS Resolved successfully" run_id=541ab23d-150e-4092-bf7c-bd4fd25af1f3 status=pass target=region1.v2.argotunnel.com
2026-06-04T22:08:31Z INF precheck component="DNS Resolution" details="DNS Resolved successfully" run_id=541ab23d-150e-4092-bf7c-bd4fd25af1f3 status=pass target=region2.v2.argotunnel.com
2026-06-04T22:08:31Z INF precheck component="UDP Connectivity" details="QUIC connection successful" run_id=541ab23d-150e-4092-bf7c-bd4fd25af1f3 status=pass target=region1.v2.argotunnel.com
2026-06-04T22:08:31Z INF precheck component="UDP Connectivity" details="QUIC connection successful" run_id=541ab23d-150e-4092-bf7c-bd4fd25af1f3 status=pass target=region2.v2.argotunnel.com
2026-06-04T22:08:31Z INF precheck component="TCP Connectivity" details="HTTP/2 connection successful" run_id=541ab23d-150e-4092-bf7c-bd4fd25af1f3 status=pass target=region1.v2.argotunnel.com
2026-06-04T22:08:31Z INF precheck component="TCP Connectivity" details="HTTP/2 connection successful" run_id=541ab23d-150e-4092-bf7c-bd4fd25af1f3 status=pass target=region2.v2.argotunnel.com
2026-06-04T22:08:31Z INF precheck component="Cloudflare API" details="API is reachable" run_id=541ab23d-150e-4092-bf7c-bd4fd25af1f3 status=pass target=api.cloudflare.com:443
2026-06-04T22:08:31Z INF precheck complete hard_fail=false run_id=541ab23d-150e-4092-bf7c-bd4fd25af1f3 suggested_protocol=quic
